// Jest Snapshot v1, https://goo.gl/fbAQLP

exports[`Newsletter renders correctly 1`] = `
<div
  className="container"
>
  <h2>
    Newsletter
  </h2>
  <p>
    Subscribe to our newsletter to receive news, updates, and valuable tips.
  </p>
  <div
    className="mx-auto"
  >
    <form
      className="col-sm-8 mx-auto d-inline"
    >
      <input
        name="email"
        placeholder="Email"
        type="text"
      />
      <button
        aria-label="submit"
        className="btn btn-primary"
        name="submit"
        type="submit"
      >
        <svg
          aria-hidden="true"
          className="svg-inline--fa fa-rss "
          data-icon="rss"
          data-prefix="fas"
          data-testid="fa-icon"
          focusable="false"
          role="img"
          style={Object {}}
          viewBox="0 0 448 512"
          xmlns="http://www.w3.org/2000/svg"
        >
          <path
            d="M0 64C0 46.3 14.3 32 32 32c229.8 0 416 186.2 416 416c0 17.7-14.3 32-32 32s-32-14.3-32-32C384 253.6 226.4 96 32 96C14.3 96 0 81.7 0 64zM128 416c0 35.3-28.7 64-64 64s-64-28.7-64-64s28.7-64 64-64s64 28.7 64 64zM32 160c159.1 0 288 128.9 288 288c0 17.7-14.3 32-32 32s-32-14.3-32-32c0-123.7-100.3-224-224-224c-17.7 0-32-14.3-32-32s14.3-32 32-32z"
            fill="currentColor"
            style={Object {}}
          />
        </svg>
      </button>
    </form>
  </div>
</div>
`;
